Starttime is 2015-11-09 14:52:49.557804
Creating home directory for ldap196.
PS1='[\u@192.168.1.44 \W]\$ '
clear;echo -e '\033[32mLogin 192.168.1.44 done. Enjoy it.\033[0m'
[ldap196@android-market02 ~]$ PS1='[\u@192.168.1.44 \W]\$ '
[ldap196@192.168.1.44 ~]$ clear;echo -e '\033[32mLogin 192.168.1.44 done. Enjoy it.\033[0m'
[H[J[32mLogin 192.168.1.44 done. Enjoy it.[0m
[ldap196@192.168.1.44 ~]$ ls -al
total 20
drwxr-xr-x   2 ldap196 ldap196 4096 Nov  9 14:55 [0m[01;34m.[0m
drwxr-xr-x. 11 root    root    4096 Nov  9 14:55 [01;34m..[0m
-rw-r--r--   1 ldap196 ldap196   18 Nov  9 14:55 .bash_logout
-rw-r--r--   1 ldap196 ldap196  176 Nov  9 14:55 .bash_profile
-rw-r--r--   1 ldap196 ldap196  124 Nov  9 14:55 .bashrc
[m[ldap196@192.168.1.44 ~]$ pwd
/home/ldap196
[ldap196@192.168.1.44 ~]$ ifconfig
eth0      Link encap:Ethernet  HWaddr FA:16:3E:BC:72:A8  
          inet addr:192.168.1.44  Bcast:192.168.3.255  Mask:255.255.252.0
          inet6 addr: fe80::f816:3eff:febc:72a8/64 Scope:Link
          UP BROADCAST RUNNING MULTICAST  MTU:1454  Metric:1
          RX packets:1695453787 errors:0 dropped:0 overruns:0 frame:0
          TX packets:2066777327 errors:0 dropped:0 overruns:0 carrier:0
          collisions:0 txqueuelen:1000 
          RX bytes:1886334866818 (1.7 TiB)  TX bytes:625535936512 (582.5 GiB)

eth1      Link encap:Ethernet  HWaddr FA:16:3E:2C:2E:A2  
          inet addr:172.16.1.240  Bcast:172.16.255.255  Mask:255.255.0.0
          inet6 addr: fe80::f816:3eff:fe2c:2ea2/64 Scope:Link
          UP BROADCAST RUNNING MULTICAST  MTU:1500  Metric:1
          RX packets:28096239 errors:0 dropped:0 overruns:0 frame:0
          TX packets:9674432 errors:0 dropped:0 overruns:0 carrier:0
          collisions:0 txqueuelen:1000 
          RX bytes:19502583735 (18.1 GiB)  TX bytes:2748255423 (2.5 GiB)

eth2      Link encap:Ethernet  HWaddr FA:16:3E:DA:92:49  
          inet addr:10.86.2.51  Bcast:10.86.255.255  Mask:255.255.0.0
          inet6 addr: fe80::f816:3eff:feda:9249/64 Scope:Link
          UP BROADCAST RUNNING MULTICAST  MTU:1500  Metric:1
          RX packets:63207867 errors:0 dropped:0 overruns:0 frame:0
          TX packets:39177027 errors:0 dropped:0 overruns:0 carrier:0
          collisions:0 txqueuelen:1000 
          RX bytes:4804185442 (4.4 GiB)  TX bytes:2862849042 (2.6 GiB)

lo        Link encap:Local Loopback  
          inet addr:127.0.0.1  Mask:255.0.0.0
          inet6 addr: ::1/128 Scope:Host
          UP LOOPBACK RUNNING  MTU:65536  Metric:1
          RX packets:76656394 errors:0 dropped:0 overruns:0 frame:0
          TX packets:76656394 errors:0 dropped:0 overruns:0 carrier:0
          collisions:0 txqueuelen:0 
          RX bytes:24356253040 (22.6 GiB)  TX bytes:24356253040 (22.6 GiB)

[ldap196@192.168.1.44 ~]$ sudo su -
[root@android-market02 ~]# ls -al
total 132
dr-xr-x---.  7 root root  4096 Nov  5 14:04 [0m[01;34m.[0m
dr-xr-xr-x. 27 root root  4096 Aug 26 15:13 [01;34m..[0m
-rw-------.  1 root root  1156 Sep 23  2014 anaconda-ks.cfg
-rw-------.  1 root root 17792 Nov  5 14:11 .bash_history
-rw-r--r--.  1 root root    18 May 20  2009 .bash_logout
-rw-r--r--.  1 root root   176 May 20  2009 .bash_profile
-rw-r--r--.  1 root root   176 Sep 23  2004 .bashrc
-rw-r--r--.  1 root root   100 Sep 23  2004 .cshrc
drwxr-xr-x   2 root root  4096 Jun  5 10:31 [01;34minfor[0m
-rw-r--r--.  1 root root 27312 Sep 23  2014 install.log
-rw-r--r--.  1 root root  7572 Sep 23  2014 install.log.syslog
lrwxrwxrwx.  1 root root    22 Sep 23  2014 [01;36mjava[0m -> [01;32m/etc/alternatives/java[0m
-rw-------   1 root root    42 Feb  9  2015 .lesshst
drwxr-xr-x   2 root root  4096 Feb 13  2015 [01;34m.pip[0m
drwxr-----.  3 root root  4096 Sep 23  2014 [01;34m.pki[0m
drwxr-xr-x   2 root root  4096 Jan 28  2015 [01;34mshell[0m
drwx------   2 root root  4096 Sep 25  2014 [01;34m.ssh[0m
-rw-r--r--.  1 root root   129 Dec  4  2004 .tcshrc
-rw-------   1 root root  8232 Nov  5 14:04 .viminfo
[m[root@android-market02 ~]# ls -al
total 132
dr-xr-x---.  7 root root  4096 Nov  5 14:04 [0m[01;34m.[0m
dr-xr-xr-x. 27 root root  4096 Aug 26 15:13 [01;34m..[0m
-rw-------.  1 root root  1156 Sep 23  2014 anaconda-ks.cfg
-rw-------.  1 root root 17792 Nov  5 14:11 .bash_history
-rw-r--r--.  1 root root    18 May 20  2009 .bash_logout
-rw-r--r--.  1 root root   176 May 20  2009 .bash_profile
-rw-r--r--.  1 root root   176 Sep 23  2004 .bashrc
-rw-r--r--.  1 root root   100 Sep 23  2004 .cshrc
drwxr-xr-x   2 root root  4096 Jun  5 10:31 [01;34minfor[0m
-rw-r--r--.  1 root root 27312 Sep 23  2014 install.log
-rw-r--r--.  1 root root  7572 Sep 23  2014 install.log.syslog
lrwxrwxrwx.  1 root root    22 Sep 23  2014 [01;36mjava[0m -> [01;32m/etc/alternatives/java[0m
-rw-------   1 root root    42 Feb  9  2015 .lesshst
drwxr-xr-x   2 root root  4096 Feb 13  2015 [01;34m.pip[0m
drwxr-----.  3 root root  4096 Sep 23  2014 [01;34m.pki[0m
drwxr-xr-x   2 root root  4096 Jan 28  2015 [01;34mshell[0m
drwx------   2 root root  4096 Sep 25  2014 [01;34m.ssh[0m
-rw-r--r--.  1 root root   129 Dec  4  2004 .tcshrc
-rw-------   1 root root  8232 Nov  5 14:04 .viminfo
[m[root@android-market02 ~]# logout
[ldap196@192.168.1.44 ~]$ sudo -u work
usage: sudo [-D level] -h | -K | -k | -V
usage: sudo -v [-AknS] [-D level] [-g groupname|#gid] [-p prompt] [-u user name|#uid]
usage: sudo -l[l] [-AknS] [-D level] [-g groupname|#gid] [-p prompt] [-U user name] [-u user name|#uid] [-g groupname|#gid] [command]
usage: sudo [-AbEHknPS] [-r role] [-t type] [-C fd] [-D level] [-g groupname|#gid] [-p prompt] [-u user name|#uid] [-g groupname|#gid] [VAR=value] [-i|-s]
            [<command>]
usage: sudo -e [-AknS] [-r role] [-t type] [-C fd] [-D level] [-g groupname|#gid] [-p prompt] [-u user name|#uid] file ...
[ldap196@192.168.1.44 ~]$ sudo -u work ps aux 
USER       PID %CPU %MEM    VSZ   RSS TTY      STAT START   TIME COMMAND
root         1  0.0  0.0  19356   628 ?        Ss   Jun08   1:58 /sbin/init
root         2  0.0  0.0      0     0 ?        S    Jun08   0:00 [kthreadd]
root         3  0.0  0.0      0     0 ?        S    Jun08   0:18 [migration/0]
root         4  0.0  0.0      0     0 ?        S    Jun08   6:49 [ksoftirqd/0]
root         5  0.0  0.0      0     0 ?        S    Jun08   0:00 [stopper/0]
root         6  0.0  0.0      0     0 ?        S    Jun08   0:31 [watchdog/0]
root         7  0.0  0.0      0     0 ?        S    Jun08   0:10 [migration/1]
root         8  0.0  0.0      0     0 ?        S    Jun08   0:00 [stopper/1]
root         9  0.0  0.0      0     0 ?        S    Jun08   6:41 [ksoftirqd/1]
root        10  0.0  0.0      0     0 ?        S    Jun08   0:23 [watchdog/1]
root        11  0.0  0.0      0     0 ?        S    Jun08   0:16 [migration/2]
root        12  0.0  0.0      0     0 ?        S    Jun08   0:00 [stopper/2]
root        13  0.0  0.0      0     0 ?        S    Jun08   8:22 [ksoftirqd/2]
root        14  0.0  0.0      0     0 ?        S    Jun08   0:24 [watchdog/2]
root        15  0.0  0.0      0     0 ?        S    Jun08   0:12 [migration/3]
root        16  0.0  0.0      0     0 ?        S    Jun08   0:00 [stopper/3]
root        17  0.0  0.0      0     0 ?        S    Jun08   6:29 [ksoftirqd/3]
root        18  0.0  0.0      0     0 ?        S    Jun08   0:22 [watchdog/3]
root        19  0.0  0.0      0     0 ?        S    Jun08  22:08 [events/0]
root        20  0.0  0.0      0     0 ?        S    Jun08  42:14 [events/1]
root        21  0.0  0.0      0     0 ?        S    Jun08  39:33 [events/2]
root        22  0.0  0.0      0     0 ?        S    Jun08  34:58 [events/3]
root        23  0.0  0.0      0     0 ?        S    Jun08   0:00 [cgroup]
root        24  0.0  0.0      0     0 ?        S    Jun08   0:04 [khelper]
root        25  0.0  0.0      0     0 ?        S    Jun08   0:00 [netns]
root        26  0.0  0.0      0     0 ?        S    Jun08   0:00 [async/mgr]
root        27  0.0  0.0      0     0 ?        S    Jun08   0:00 [pm]
root        28  0.0  0.0      0     0 ?        S    Jun08   1:23 [sync_supers]
root        29  0.0  0.0      0     0 ?        S    Jun08   1:34 [bdi-default]
root        30  0.0  0.0      0     0 ?        S    Jun08   0:00 [kintegrityd/0]
root        31  0.0  0.0      0     0 ?        S    Jun08   0:00 [kintegrityd/1]
root        32  0.0  0.0      0     0 ?        S    Jun08   0:00 [kintegrityd/2]
root        33  0.0  0.0      0     0 ?        S    Jun08   0:00 [kintegrityd/3]
root        34  0.0  0.0      0     0 ?        S    Jun08   0:16 [kblockd/0]
root        35  0.0  0.0      0     0 ?        S    Jun08   3:48 [kblockd/1]
root        36  0.0  0.0      0     0 ?        S    Jun08   5:30 [kblockd/2]
root        37  0.0  0.0      0     0 ?        S    Jun08   0:22 [kblockd/3]
root        38  0.0  0.0      0     0 ?        S    Jun08   0:00 [kacpid]
root        39  0.0  0.0      0     0 ?        S    Jun08   0:00 [kacpi_notify]
root        40  0.0  0.0      0     0 ?        S    Jun08   0:00 [kacpi_hotplug]
root        41  0.0  0.0      0     0 ?        S    Jun08   0:00 [ata_aux]
root        42  0.0  0.0      0     0 ?        S    Jun08   0:00 [ata_sff/0]
root        43  0.0  0.0      0     0 ?        S    Jun08   0:00 [ata_sff/1]
root        44  0.0  0.0      0     0 ?        S    Jun08   0:00 [ata_sff/2]
root        45  0.0  0.0      0     0 ?        S    Jun08   0:00 [ata_sff/3]
root        46  0.0  0.0      0     0 ?        S    Jun08   0:00 [ksuspend_usbd]
root        47  0.0  0.0      0     0 ?        S    Jun08   0:00 [khubd]
root        48  0.0  0.0      0     0 ?        S    Jun08   0:00 [kseriod]
root        49  0.0  0.0      0     0 ?        S    Jun08   0:00 [md/0]
root        50  0.0  0.0      0     0 ?        S    Jun08   0:00 [md/1]
root        51  0.0  0.0      0     0 ?        S    Jun08   0:00 [md/2]
root        52  0.0  0.0      0     0 ?        S    Jun08   0:00 [md/3]
root        53  0.0  0.0      0     0 ?        S    Jun08   0:00 [md_misc/0]
root        54  0.0  0.0      0     0 ?        S    Jun08   0:00 [md_misc/1]
root        55  0.0  0.0      0     0 ?        S    Jun08   0:00 [md_misc/2]
root        56  0.0  0.0      0     0 ?        S    Jun08   0:00 [md_misc/3]
root        57  0.0  0.0      0     0 ?        S    Jun08   0:00 [linkwatch]
root        59  0.0  0.0      0     0 ?        S    Jun08   0:20 [khungtaskd]
root        60  0.0  0.0      0     0 ?        S    Jun08 105:23 [kswapd0]
root        61  0.0  0.0      0     0 ?        SN   Jun08   0:00 [ksmd]
root        62  0.0  0.0      0     0 ?        SN   Jun08   6:25 [khugepaged]
root        63  0.0  0.0      0     0 ?        S    Jun08   0:00 [aio/0]
root        64  0.0  0.0      0     0 ?        S    Jun08   0:00 [aio/1]
root        65  0.0  0.0      0     0 ?        S    Jun08   0:00 [aio/2]
root        66  0.0  0.0      0     0 ?        S    Jun08   0:00 [aio/3]
root        67  0.0  0.0      0     0 ?        S    Jun08   0:00 [crypto/0]
root        68  0.0  0.0      0     0 ?        S    Jun08   0:00 [crypto/1]
root        69  0.0  0.0      0     0 ?        S    Jun08   0:00 [crypto/2]
root        70  0.0  0.0      0     0 ?        S    Jun08   0:00 [crypto/3]
root        78  0.0  0.0      0     0 ?        S    Jun08   0:00 [kthrotld/0]
root        79  0.0  0.0      0     0 ?        S    Jun08   0:00 [kthrotld/1]
root        80  0.0  0.0      0     0 ?        S    Jun08   0:00 [kthrotld/2]
root        81  0.0  0.0      0     0 ?        S    Jun08   0:00 [kthrotld/3]
root        83  0.0  0.0      0     0 ?        S    Jun08   0:00 [kpsmoused]
root        84  0.0  0.0      0     0 ?        S    Jun08   0:00 [usbhid_resumer]
root        85  0.0  0.0      0     0 ?        S    Jun08   0:00 [deferwq]
root       116  0.0  0.0      0     0 ?        S    Jun08   0:00 [kdmremove]
root       117  0.0  0.0      0     0 ?        S    Jun08   0:00 [kstriped]
root       252  0.0  0.0      0     0 ?        S    Jun08   0:00 [scsi_eh_0]
root       253  0.0  0.0      0     0 ?        S    Jun08   0:00 [scsi_eh_1]
root       285  0.0  0.0      0     0 ?        S    Jun08   0:00 [virtio-blk]
root       298  0.0  0.0      0     0 ?        S    Jun08   5:45 [flush-252:0]
root       299  0.0  0.0      0     0 ?        S    Jun08   8:10 [flush-252:16]
root       300  0.0  0.0      0     0 ?        S    Jun08  17:15 [jbd2/vda1-8]
root       301  0.0  0.0      0     0 ?        S    Jun08   0:00 [ext4-dio-unwrit]
root       389  0.0  0.0  10744   512 ?        S<s  Jun08   0:00 /sbin/udevd -d
root       480  0.0  0.0      0     0 ?        S    Jun08   0:00 [virtio-net]
root       483  0.0  0.0      0     0 ?        S    Jun08   3:55 [vballoon]
root       707  0.0  0.0      0     0 ?        S    Jun08   0:00 [xfs_mru_cache]
root       708  0.0  0.0      0     0 ?        S    Jun08   0:01 [xfslogd/0]
root       709  0.0  0.0      0     0 ?        S    Jun08   1:54 [xfslogd/1]
root       710  0.0  0.0      0     0 ?        S    Jun08   0:00 [xfslogd/2]
root       711  0.0  0.0      0     0 ?        S    Jun08   0:00 [xfslogd/3]
root       712  0.0  0.0      0     0 ?        S    Jun08   0:02 [xfsdatad/0]
root       713  0.0  0.0      0     0 ?        S    Jun08   9:46 [xfsdatad/1]
root       714  0.0  0.0      0     0 ?        S    Jun08   0:00 [xfsdatad/2]
root       715  0.0  0.0      0     0 ?        S    Jun08   0:00 [xfsdatad/3]
root       716  0.0  0.0      0     0 ?        S    Jun08   0:00 [xfsconvertd/0]
root       717  0.0  0.0      0     0 ?        S    Jun08   0:00 [xfsconvertd/1]
root       718  0.0  0.0      0     0 ?        S    Jun08   0:00 [xfsconvertd/2]
root       719  0.0  0.0      0     0 ?        S    Jun08   0:00 [xfsconvertd/3]
root       720  0.0  0.0      0     0 ?        S    Jun08   0:11 [xfsalloc/0]
root       721  0.0  0.0      0     0 ?        S    Jun08   0:20 [xfsalloc/1]
root       722  0.0  0.0      0     0 ?        S    Jun08   0:14 [xfsalloc/2]
root       723  0.0  0.0      0     0 ?        S    Jun08   0:12 [xfsalloc/3]
root       724  0.0  0.0      0     0 ?        S    Jun08   0:01 [xfseofblocks/0]
root       725  0.0  0.0      0     0 ?        S    Jun08   0:04 [xfseofblocks/1]
root       726  0.0  0.0      0     0 ?        S    Jun08   0:04 [xfseofblocks/2]
root       727  0.0  0.0      0     0 ?        S    Jun08   0:00 [xfseofblocks/3]
root       728  0.0  0.0      0     0 ?        S    Jun08   2:28 [xfsbufd/vdb]
root       729  0.0  0.0      0     0 ?        S    Jun08   1:22 [xfs-cil/vdb]
root       730  0.0  0.0      0     0 ?        S    Jun08   1:46 [xfssyncd/vdb]
root       731  0.0  0.0      0     0 ?        S    Jun08 105:28 [xfsaild/vdb]
root       829  0.0  0.0      0     0 ?        S    Jun08   0:55 [kauditd]
work      1020  0.0  0.0 101184   536 ?        S    Oct14   0:00 make run_deploy
root      1022  0.0  0.0  93156   688 ?        S<sl Jun08   3:58 auditd
root      1052  0.0  0.0 249924  5476 ?        Sl   Jun08   3:13 /sbin/rsyslogd -i /var/run/syslogd.pid -c 5
root      1082  0.0  0.0  18240   512 ?        Ss   Jun08  25:56 irqbalance --pid=/var/run/irqbalance.pid
rpc       1098  0.0  0.0  18976   288 ?        Ss   Jun08   1:01 rpcbind
rpcuser   1118  0.0  0.0  23348   456 ?        Ss   Jun08   0:00 rpc.statd
work      1142  0.0  0.1 208168 11496 ?        S    Oct14  19:00 /data/pyenv/versions/appstore/bin/python2.7 /data/pyenv/versions/appstore/bin/gunicorn --con
work      1147  0.0  0.9 390440 75128 ?        Sl   Oct14  25:24 /data/pyenv/versions/appstore/bin/python2.7 /data/pyenv/versions/appstore/bin/gunicorn --con
work      1148  0.0  0.9 391584 76108 ?        Sl   Oct14  26:17 /data/pyenv/versions/appstore/bin/python2.7 /data/pyenv/versions/appstore/bin/gunicorn --con
work      1149  0.0  0.9 467012 76164 ?        Sl   Oct14  27:19 /data/pyenv/versions/appstore/bin/python2.7 /data/pyenv/versions/appstore/bin/gunicorn --con
work      1150  0.0  0.9 388448 73208 ?        Sl   Oct14  24:42 /data/pyenv/versions/appstore/bin/python2.7 /data/pyenv/versions/appstore/bin/gunicorn --con
dbus      1235  0.0  0.0  21572   724 ?        Ss   Jun08   0:01 dbus-daemon --system
root      1252  0.0  0.0 188928   884 ?        Ss   Jun08   0:00 cupsd -C /etc/cups/cupsd.conf
root      1280  0.0  0.0   4080   108 ?        Ss   Jun08   0:00 /usr/sbin/acpid
68        1290  0.0  0.0  37784  1112 ?        Ssl  Jun08   3:59 hald
root      1291  0.0  0.0  20400   188 ?        S    Jun08   0:00 hald-runner
root      1320  0.0  0.0  22520   164 ?        S    Jun08   0:00 hald-addon-input: Listening on /dev/input/event2 /dev/input/event0
68        1335  0.0  0.0  18008   148 ?        S    Jun08   0:00 hald-addon-acpi: listening on acpid socket /var/run/acpid.socket
root      1351  0.0  0.0 452696   916 ?        Ssl  Jun08   7:33 automount --pid-file /var/run/autofs.pid
root      1392  0.0  0.0   6776   148 ?        Ss   Jun08   0:00 /usr/sbin/mcelog --daemon
newrelic  1535  0.0  0.0  16240   140 ?        Ss   Jun08   0:00 /usr/sbin/nrsysmond -c /etc/newrelic/nrsysmond.cfg -p /var/run/newrelic/nrsysmond.pid
work      1699  0.6  2.0 3485680 168500 ?      Sl   Nov06  30:25 /data/softwares/jdk/bin/java -Xms256m -Xmx256m -cp /data/softwares/flume/conf:/data/software
root      1866  0.0  0.0  80856  1056 ?        Ss   Jun08   2:53 /usr/libexec/postfix/master
postfix   1879  0.0  0.0  81284  1756 ?        S    Jun08   1:18 qmgr -l -t fifo -u
root      1891  0.0  0.0 114644   196 ?        Ss   Jun08   0:00 /usr/sbin/abrtd
root      1899  0.0  0.0 112524   300 ?        Ss   Jun08   0:00 abrt-dump-oops -d /var/spool/abrt -rwx /var/log/messages
root      1924  0.0  0.0  21104   212 ?        Ss   Jun08   0:00 /usr/sbin/atd
root      1936  0.0  0.0   6240   144 ?        S    Aug13   0:14 /data/hids/bin/ossec-execd
ossec     1940  0.0  0.0   6516   616 ?        S    Aug13  12:51 /data/hids/bin/ossec-agentd
zabbix    1943  0.0  0.0  76592   504 ?        S    Jun08   0:00 /data/softwares/zabbix-agentd/sbin/zabbix_agentd
root      1946  0.0  0.0   4292   356 ?        S    Aug13   8:49 /data/hids/bin/ossec-logcollector
zabbix    1949  0.0  0.0  76592  1008 ?        S    Jun08  87:41 /data/softwares/zabbix-agentd/sbin/zabbix_agentd: collector [idle 1 sec]
zabbix    1951  0.0  0.0  76592  1060 ?        S    Jun08  38:39 /data/softwares/zabbix-agentd/sbin/zabbix_agentd: listener #1 [waiting for connection]
zabbix    1952  0.0  0.0  76592  1060 ?        S    Jun08  38:35 /data/softwares/zabbix-agentd/sbin/zabbix_agentd: listener #2 [waiting for connection]
zabbix    1953  0.0  0.0  76592  1060 ?        S    Jun08  38:36 /data/softwares/zabbix-agentd/sbin/zabbix_agentd: listener #3 [waiting for connection]
zabbix    1954  0.0  0.0  76604   940 ?        S    Jun08  16:09 /data/softwares/zabbix-agentd/sbin/zabbix_agentd: active checks #1 [idle 1 sec]
root      1955  0.0  0.0   5300  1776 ?        S    Aug13  39:21 /data/hids/bin/ossec-syscheckd
root      1989  0.0  0.0  64232   988 ?        Ss   Jun08   0:06 /usr/sbin/certmonger -S -p /var/run/certmonger.pid
root      2014  0.0  0.0   4064    72 tty1     Ss+  Jun08   0:00 /sbin/mingetty /dev/tty1
root      2016  0.0  0.0   4064    76 tty2     Ss+  Jun08   0:00 /sbin/mingetty /dev/tty2
root      2018  0.0  0.0   4064    76 tty3     Ss+  Jun08   0:00 /sbin/mingetty /dev/tty3
root      2020  0.0  0.0   4064    72 tty4     Ss+  Jun08   0:00 /sbin/mingetty /dev/tty4
root      2022  0.0  0.0   4064    72 tty5     Ss+  Jun08   0:00 /sbin/mingetty /dev/tty5
root      2025  0.0  0.0   4080    80 ttyS0    Ss+  Jun08   0:00 /sbin/agetty /dev/ttyS0 115200 vt100-nav
root      2028  0.0  0.0   4064    72 tty6     Ss+  Jun08   0:00 /sbin/mingetty /dev/tty6
apache    2432  0.0  0.3 258800 31616 ?        S    Aug26   0:14 php-fpm: pool www            
root      2791  0.0  0.0  55600  2748 ?        Ss   Jun30   0:01 nginx: master process /data/server/ngx_openresty/nginx/sbin/nginx -c /data/server/ngx_openre
work     10539  0.0  0.0 101184   236 ?        S    Aug21   0:00 make celery
work     10546  0.4  0.7 277972 57060 ?        S    Aug21 471:26 /data/pyenv/versions/appstore/bin/python2.7 /data/pyenv/versions/appstore/bin/celery -A apps
work     10551  0.0  0.7 295936 63204 ?        S    Aug21   2:08 /data/pyenv/versions/appstore/bin/python2.7 /data/pyenv/versions/appstore/bin/celery -A apps
work     10552  0.0  0.7 296080 63312 ?        S    Aug21   2:08 /data/pyenv/versions/appstore/bin/python2.7 /data/pyenv/versions/appstore/bin/celery -A apps
work     10553  0.0  0.7 296084 63300 ?        S    Aug21   2:10 /data/pyenv/versions/appstore/bin/python2.7 /data/pyenv/versions/appstore/bin/celery -A apps
work     10554  0.0  0.7 296092 63268 ?        S    Aug21   2:06 /data/pyenv/versions/appstore/bin/python2.7 /data/pyenv/versions/appstore/bin/celery -A apps
root     12205  0.0  0.0  25140  1016 ?        Ss   Nov05   0:00 /usr/sbin/oddjobd -p /var/run/oddjobd.pid -t 300
root     13057  0.0  0.0  66216  1032 ?        Ss   Nov05   0:15 /usr/sbin/sshd
nslcd    13236  0.0  0.0 441332  1364 ?        Ssl  Nov05   0:00 /usr/sbin/nslcd
redis    13736  0.4  1.0 134152 82356 ?        Ssl  Jun09 945:47 /usr/sbin/redis-server /etc/redis.conf
root     16246  0.0  0.4 734988 37048 ?        Sl   Jun17 170:13 /usr/bin/python /usr/bin/salt-minion -d
nobody   16482  0.0  0.0  56108  3464 ?        S    Nov05   0:48 nginx: worker process                                                                      
nobody   16483  0.0  0.0  56108  3484 ?        S    Nov05   0:47 nginx: worker process                                                                      
nobody   16484  0.0  0.0  56052  3288 ?        S    Nov05   0:45 nginx: worker process                                                                      
nobody   16485  0.0  0.0  56052  3268 ?        S    Nov05   0:43 nginx: worker process                                                                      
nobody   16486  0.0  0.0  56052  3280 ?        S    Nov05   0:46 nginx: worker process                                                                      
nobody   16487  0.0  0.0  56156  3360 ?        S    Nov05   0:49 nginx: worker process                                                                      
nobody   16488  0.0  0.0  56212  3572 ?        S    Nov05   0:46 nginx: worker process                                                                      
nobody   16489  0.0  0.0  56052  3324 ?        S    Nov05   0:49 nginx: worker process                                                                      
root     16961  0.0  0.0      0     0 ?        S    Jun15   0:00 [virtio-net]
root     17004  0.0  0.0      0     0 ?        S    Jun15   0:00 [virtio-net]
root     17042  0.0  0.0  10684   468 ?        S<   Jun15   0:00 /sbin/udevd -d
root     17043  0.0  0.0  10680   452 ?        S<   Jun15   0:00 /sbin/udevd -d
work     17268  1.6 51.0 47131868 4118864 ?    Sl   Oct16 583:59 /data/softwares/jdk/bin/java -Xms3584m -Xmx3584m -Xss256k -Djava.awt.headless=true -XX:+UseG
root     19583  0.0  0.0 116864  1032 ?        Ss   Oct10   0:33 crond
newrelic 19999  0.1  0.1 250476 10892 ?        Sl   Jun24 314:06 /usr/sbin/nrsysmond -c /etc/newrelic/nrsysmond.cfg -p /var/run/newrelic/nrsysmond.pid
root     22292  0.0  0.0 226656  3056 ?        Ss   Aug07  13:14 php-fpm: master process (/etc/php-fpm.conf)
apache   22293  0.0  0.3 258852 31600 ?        S    Aug07   0:36 php-fpm: pool www            
apache   22294  0.0  0.2 248052 20444 ?        S    Aug07   0:34 php-fpm: pool www            
apache   22295  0.0  0.2 248044 20544 ?        S    Aug07   0:34 php-fpm: pool www            
apache   22296  0.0  0.2 249060 21880 ?        S    Aug07   0:35 php-fpm: pool www            
apache   22298  0.0  0.2 247500 20052 ?        S    Aug07   0:32 php-fpm: pool www            
apache   22412  0.0  0.2 246500 19508 ?        S    Aug07   0:30 php-fpm: pool www            
apache   22466  0.0  0.2 247868 20772 ?        S    Aug07   0:34 php-fpm: pool www            
work     25191 10.2 23.7 5065508 1915936 ?     Sl   Aug09 13583:01 /data/softwares/jdk/bin/java -Xms256m -Xmx1g -Xss256k -Djava.awt.headless=true -XX:+UsePar
apache   26053  0.0  0.2 247280 22084 ?        S    Aug07   0:32 php-fpm: pool www            
work     27023  0.0  0.1 206568 11532 ?        Ss   Jun09 164:57 /data/pyenv/versions/appstore/bin/python2.7 /data/pyenv/versions/appstore/bin/supervisord -c
postfix  29447  0.0  0.0  83028  3424 ?        S    13:26   0:00 pickup -l -t fifo -u
root     30261  0.2  0.0 122236  5200 ?        Ss   14:55   0:00 sshd: ldap196 [priv]
ldap196  30264  0.1  0.0 122236  2376 ?        R    14:55   0:00 sshd: ldap196@pts/0
ldap196  30265  0.6  0.0 112836  4216 pts/0    Ss   14:55   0:00 -bash
root     30331  0.0  0.0 193432  3240 pts/0    S+   14:55   0:00 sudo -u work ps aux
work     30332  0.0  0.0 112332  1172 pts/0    R+   14:55   0:00 ps aux
apache   32249  0.0  0.2 246248 19228 ?        S    Aug10   0:24 php-fpm: pool www            
root     32341  0.0  0.0      0     0 ?        S    Jun09   1:03 [rpciod/0]
root     32342  0.0  0.0      0     0 ?        S    Jun09   0:00 [rpciod/1]
root     32343  0.0  0.0      0     0 ?        S    Jun09   0:01 [rpciod/2]
root     32344  0.0  0.0      0     0 ?        S    Jun09   0:01 [rpciod/3]
root     32346  0.0  0.0      0     0 ?        S<   Jun09   0:00 [kslowd000]
root     32347  0.0  0.0      0     0 ?        S<   Jun09   0:00 [kslowd001]
root     32348  0.0  0.0      0     0 ?        S    Jun09   0:43 [nfsiod]
root     32349  0.0  0.0      0     0 ?        S    Jun09   0:00 [nfsv4.0-svc]
[ldap196@192.168.1.44 ~]$ pwd
/home/ldap196
[ldap196@192.168.1.44 ~]$ logout
Endtime is 2015-11-09 14:53:37.240075