Starttime is 2015-11-23 12:53:45.634525
Creating home directory for ldap-test.
PS1='[\u@192.168.1.146 \W]\$ '
clear;echo -e '\033[32mLogin 192.168.1.146 done. Enjoy it.\033[0m'
[ldap-test@android-shop01 ~]$ PS1='[\u@192.168.1.146 \W]\$ '
[ldap-test@192.168.1.146 ~]$ clear;echo -e '\033[32mLogin 192.168.1.146 done. Enjoy it.\033[0m'
[H[J[32mLogin 192.168.1.146 done. Enjoy it.[0m
[ldap-test@192.168.1.146 ~]$ sudo su -

We trust you have received the usual lecture from the local System
Administrator. It usually boils down to these three things:

    #1) Respect the privacy of others.
    #2) Think before you type.
    #3) With great power comes great responsibility.

[sudo] password for ldap-test: 
[ldap-test@192.168.1.146 ~]$ 
[ldap-test@192.168.1.146 ~]$ 
[ldap-test@192.168.1.146 ~]$ ll
total 0
[ldap-test@192.168.1.146 ~]$ sudo -u work
usage: sudo [-D level] -h | -K | -k | -V
usage: sudo -v [-AknS] [-D level] [-g groupname|#gid] [-p prompt] [-u user name|#uid]
usage: sudo -l[l] [-AknS] [-D level] [-g groupname|#gid] [-p prompt] [-U user name] [-u user name|#uid] [-g groupname|#gid] [command]
usage: sudo [-AbEHknPS] [-r role] [-t type] [-C fd] [-D level] [-g groupname|#gid] [-p prompt] [-u user name|#uid] [-g groupname|#gid] [VAR=value] [-i|-s] [<command>]
usage: sudo -e [-AknS] [-r role] [-t type] [-C fd] [-D level] [-g groupname|#gid] [-p prompt] [-u user name|#uid] file ...
[ldap-test@192.168.1.146 ~]$ work
-bash: work: command not found
[ldap-test@192.168.1.146 ~]$ su - work
Password: 
[ldap-test@192.168.1.146 ~]$ ll
total 0
[ldap-test@192.168.1.146 ~]$ logout
Endtime is 2015-11-23 12:54:09.311606