Starttime is 2015-11-10 11:27:52.611528
Last login: Tue Nov 10 10:52:53 2015 from ops.tcloud.com
PS1='[\u@192.168.3.198 \W]\$ '
clear;echo -e '\033[32mLogin 192.168.3.198 done. Enjoy it.\033[0m'
[ldap196@mie-bj-ldap-3 ~]$ PS1='[\u@192.168.3.198 \W]\$ '
[ldap196@192.168.3.198 ~]$ clear;echo -e '\033[32mLogin 192.168.3.198 done. Enjoy it.\033[0m'
[H[J[32mLogin 192.168.3.198 done. Enjoy it.[0m
[ldap196@192.168.3.198 ~]$ l [K[Kls -al
total 24
drwxr-xr-x  2 ldap196 ldap196 4096 Nov  6 14:15 [0m[01;34m.[0m
drwxr-xr-x. 7 root    root    4096 Nov  6 14:14 [01;34m..[0m
-rw-------  1 ldap196 ldap196  743 Nov 10 10:52 .bash_history
-rw-r--r--  1 ldap196 ldap196   18 Nov  6 14:14 .bash_logout
-rw-r--r--  1 ldap196 ldap196  176 Nov  6 14:14 .bash_profile
-rw-r--r--  1 ldap196 ldap196  124 Nov  6 14:14 .bashrc
[m[ldap196@192.168.3.198 ~]$ cd /[K[K[K[Kpwd
/home/ldap196
[ldap196@192.168.3.198 ~]$ ll[K[Khostnae[Kme
mie-bj-ldap-3
[ldap196@192.168.3.198 ~]$ ps aux 
USER       PID %CPU %MEM    VSZ   RSS TTY      STAT START   TIME COMMAND
root         1  0.0  0.0  19356  1616 ?        Ss   Jun30   0:37 /sbin/init
root         2  0.0  0.0      0     0 ?        S    Jun30   0:00 [kthreadd]
root         3  0.0  0.0      0     0 ?        S    Jun30   0:00 [migration/0]
root         4  0.0  0.0      0     0 ?        S    Jun30   0:39 [ksoftirqd/0]
root         5  0.0  0.0      0     0 ?        S    Jun30   0:00 [migration/0]
root         6  0.0  0.0      0     0 ?        S    Jun30   0:33 [watchdog/0]
root         7  0.0  0.0      0     0 ?        S    Jun30  18:17 [events/0]
root         8  0.0  0.0      0     0 ?        S    Jun30   0:00 [cgroup]
root         9  0.0  0.0      0     0 ?        S    Jun30   0:00 [khelper]
root        10  0.0  0.0      0     0 ?        S    Jun30   0:00 [netns]
root        11  0.0  0.0      0     0 ?        S    Jun30   0:00 [async/mgr]
root        12  0.0  0.0      0     0 ?        S    Jun30   0:00 [pm]
root        13  0.0  0.0      0     0 ?        S    Jun30   1:05 [sync_supers]
root        14  0.0  0.0      0     0 ?        S    Jun30   0:56 [bdi-default]
root        15  0.0  0.0      0     0 ?        S    Jun30   0:00 [kintegrityd/0]
root        16  0.0  0.0      0     0 ?        S    Jun30   1:57 [kblockd/0]
root        17  0.0  0.0      0     0 ?        S    Jun30   0:00 [kacpid]
root        18  0.0  0.0      0     0 ?        S    Jun30   0:00 [kacpi_notify]
root        19  0.0  0.0      0     0 ?        S    Jun30   0:00 [kacpi_hotplug]
root        20  0.0  0.0      0     0 ?        S    Jun30   0:00 [ata_aux]
root        21  0.0  0.0      0     0 ?        S    Jun30   0:00 [ata_sff/0]
root        22  0.0  0.0      0     0 ?        S    Jun30   0:00 [ksuspend_usbd]
root        23  0.0  0.0      0     0 ?        S    Jun30   0:00 [khubd]
root        24  0.0  0.0      0     0 ?        S    Jun30   0:00 [kseriod]
root        25  0.0  0.0      0     0 ?        S    Jun30   0:00 [md/0]
root        26  0.0  0.0      0     0 ?        S    Jun30   0:00 [md_misc/0]
root        27  0.0  0.0      0     0 ?        S    Jun30   0:00 [linkwatch]
root        28  0.0  0.0      0     0 ?        S    Jun30   0:07 [khungtaskd]
root        29  0.0  0.0      0     0 ?        S    Jun30   0:00 [kswapd0]
root        30  0.0  0.0      0     0 ?        SN   Jun30   0:00 [ksmd]
root        31  0.0  0.0      0     0 ?        SN   Jun30   0:39 [khugepaged]
root        32  0.0  0.0      0     0 ?        S    Jun30   0:00 [aio/0]
root        33  0.0  0.0      0     0 ?        S    Jun30   0:00 [crypto/0]
root        38  0.0  0.0      0     0 ?        S    Jun30   0:00 [kthrotld/0]
root        40  0.0  0.0      0     0 ?        S    Jun30   0:00 [kpsmoused]
root        41  0.0  0.0      0     0 ?        S    Jun30   0:00 [usbhid_resumer]
root        71  0.0  0.0      0     0 ?        S    Jun30   0:00 [kstriped]
root       142  0.0  0.0      0     0 ?        S    Jun30   0:00 [scsi_eh_0]
root       143  0.0  0.0      0     0 ?        S    Jun30   0:00 [scsi_eh_1]
root       234  0.0  0.0      0     0 ?        S    Jun30   0:00 [virtio-blk]
root       273  0.0  0.0      0     0 ?        S    Jun30   1:37 [flush-252:0]
root       284  0.0  0.0      0     0 ?        S    Jun30   2:38 [jbd2/vda1-8]
root       285  0.0  0.0      0     0 ?        S    Jun30   0:00 [ext4-dio-unwrit]
root       368  0.0  0.0  10916   996 ?        S<s  Jun30   0:00 /sbin/udevd -d
root       399  0.0  0.0      0     0 ?        S    Jun30   0:00 [virtio-net]
root       400  0.0  0.0      0     0 ?        S    Jun30   0:00 [virtio-net]
root       402  0.0  0.0      0     0 ?        S    Jun30   0:00 [virtio-net]
root       415  0.0  0.0      0     0 ?        S    Jun30   6:45 [vballoon]
root       617  0.0  0.0  10912   996 ?        S<   Jun30   0:00 /sbin/udevd -d
root       646  0.0  0.0      0     0 ?        S    Jun30   0:00 [xfs_mru_cache]
root       647  0.0  0.0      0     0 ?        S    Jun30   0:32 [xfslogd/0]
root       648  0.0  0.0      0     0 ?        S    Jun30   0:10 [xfsdatad/0]
root       649  0.0  0.0      0     0 ?        S    Jun30   0:00 [xfsconvertd/0]
root       650  0.0  0.0      0     0 ?        S    Jun30   0:00 [xfsalloc/0]
root       651  0.0  0.0      0     0 ?        S    Jun30   0:00 [xfseofblocks/0]
root       652  0.0  0.0      0     0 ?        S    Jun30   0:38 [xfsbufd/vdb]
root       653  0.0  0.0      0     0 ?        S    Jun30   1:09 [xfssyncd/vdb]
root       654  0.0  0.0      0     0 ?        S    Jun30  82:26 [xfsaild/vdb]
root       696  0.0  0.0      0     0 ?        S    Jun30   0:08 [kauditd]
root       965  0.0  0.0  93156   900 ?        S<sl Jun30   1:20 auditd
root       993  0.0  0.3 249928  6052 ?        Sl   Jun30   0:55 /sbin/rsyslogd -i /var/run/syslogd.pid -c 5
rpc       1035  0.0  0.0  18976   916 ?        Ss   Jun30   0:37 rpcbind
rpcuser   1053  0.0  0.0  23348  1368 ?        Ss   Jun30   0:00 rpc.statd
dbus      1163  0.0  0.0  21572  1024 ?        Ss   Jun30   0:00 dbus-daemon --system
root      1180  0.0  0.1 189356  3336 ?        Ss   Jun30   0:00 cupsd -C /etc/cups/cupsd.conf
root      1205  0.0  0.0   4080   648 ?        Ss   Jun30   0:00 /usr/sbin/acpid
68        1214  0.0  0.2  37768  4228 ?        Ssl  Jun30   2:02 hald
root      1215  0.0  0.0  20328  1328 ?        S    Jun30   0:00 hald-runner
root      1244  0.0  0.0  22448  1276 ?        S    Jun30   0:00 hald-addon-input: Listening on /dev/input/event2 /dev/input/event0
68        1253  0.0  0.0  17936  1144 ?        S    Jun30   0:00 hald-addon-acpi: listening on acpid socket /var/run/acpid.socket
root      1274  0.0  0.0 385728  1772 ?        Ssl  Jun30   3:15 automount --pid-file /var/run/autofs.pid
root      1314  0.0  0.0   6776   400 ?        Ss   Jun30   0:00 /usr/sbin/mcelog --daemon
root      1477  0.0  0.1  81292  3424 ?        Ss   Jun30   1:25 /usr/libexec/postfix/master
postfix   1486  0.0  0.1  81540  3548 ?        S    Jun30   0:21 qmgr -l -t fifo -u
root      1503  0.0  0.0 110320  1052 ?        Ss   Jun30   0:00 /usr/sbin/abrtd
root      1511  0.0  0.0 117320  1268 ?        Ss   Jun30   1:28 crond
root      1523  0.0  0.0  21568   484 ?        Ss   Jun30   0:00 /usr/sbin/atd
zabbix    1536  0.0  0.0  76856  1280 ?        S    Jun30   0:00 /data/softwares/zabbix-agentd/sbin/zabbix_agentd
zabbix    1537  0.0  0.0  76856  1316 ?        S    Jun30  57:35 /data/softwares/zabbix-agentd/sbin/zabbix_agentd: collector [idle 1 sec]
zabbix    1538  0.0  0.0  76856  1520 ?        S    Jun30  23:18 /data/softwares/zabbix-agentd/sbin/zabbix_agentd: listener #1 [waiting for connection]
zabbix    1539  0.0  0.0  76856  1520 ?        S    Jun30  23:18 /data/softwares/zabbix-agentd/sbin/zabbix_agentd: listener #2 [waiting for connection]
zabbix    1540  0.0  0.0  76856  1520 ?        S    Jun30  23:08 /data/softwares/zabbix-agentd/sbin/zabbix_agentd: listener #3 [waiting for connection]
zabbix    1541  0.0  0.0  76864  1360 ?        S    Jun30  13:32 /data/softwares/zabbix-agentd/sbin/zabbix_agentd: active checks #1 [idle 1 sec]
root      1553  0.0  0.0  62348  1000 ?        Ss   Jun30   0:34 /usr/sbin/certmonger -S -p /var/run/certmonger.pid
root      1570  0.0  0.0   4064   596 tty2     Ss+  Jun30   0:00 /sbin/mingetty /dev/tty2
root      1572  0.0  0.0   4064   592 tty3     Ss+  Jun30   0:00 /sbin/mingetty /dev/tty3
root      1574  0.0  0.0   4080   656 ttyS0    Ss+  Jun30   0:00 /sbin/agetty /dev/ttyS0 115200 vt100-nav
root      1575  0.0  0.0   4064   592 tty4     Ss+  Jun30   0:00 /sbin/mingetty /dev/tty4
root      1577  0.0  0.0   4064   596 tty5     Ss+  Jun30   0:00 /sbin/mingetty /dev/tty5
root      1579  0.0  0.0   4064   592 tty6     Ss+  Jun30   0:00 /sbin/mingetty /dev/tty6
root      8025  0.0  0.0  66648  1184 ?        Ss   Nov05   0:07 /usr/sbin/sshd
postfix  11812  0.0  0.1  83476  3424 ?        S    11:08   0:00 pickup -l -t fifo -u
root     11982  0.2  0.2 120208  4908 ?        Ss   11:28   0:00 sshd: ldap196 [priv]
ldap196  11984  0.0  0.1 120208  2336 ?        S    11:28   0:00 sshd: ldap196@pts/0
ldap196  11985  0.0  0.0 110432  1796 pts/0    Ss   11:28   0:00 -bash
ldap196  12020  1.0  0.0 112336  1164 pts/0    R+   11:28   0:00 ps aux
root     16297  0.0  0.0  10912   932 ?        S<   Oct27   0:00 /sbin/udevd -d
root     18535  0.0  0.0   4064   540 tty1     Ss+  Oct20   0:00 /sbin/mingetty /dev/tty1
root     20298  0.0  0.0      0     0 ?        S    Jul13   0:59 [flush-252:16]
root     22776  0.0  0.1 577624  3192 ?        Sl   Aug21   0:00 /usr/sbin/console-kit-daemon --no-daemon
nslcd    23133  0.0  0.0 441792  1588 ?        Ssl  Nov06   0:00 /usr/sbin/nslcd
root     23165  0.0  0.0  25136  1076 ?        Ss   Nov06   0:00 /usr/sbin/oddjobd -p /var/run/oddjobd.pid -t 300
root     24440  0.0  0.0   6240   536 ?        S    Aug21   0:08 /data/hids/bin/ossec-execd
ossec    24444  0.0  0.0   6516   916 ?        S    Aug21   7:50 /data/hids/bin/ossec-agentd
root     24448  0.0  0.0   4292   604 ?        S    Aug21   4:43 /data/hids/bin/ossec-logcollector
root     24451  0.0  0.0   5232  1816 ?        S    Aug21  19:40 /data/hids/bin/ossec-syscheckd
[ldap196@192.168.3.198 ~]$ ssh 192.168.3.197
The authenticity of host '192.168.3.197 (192.168.3.197)' can't be established.
RSA key fingerprint is f5:47:6f:8c:3a:8c:1e:1a:e7:6d:36:72:6b:2e:4f:c9.
Are you sure you want to continue connecting (yes/no)? yes
Warning: Permanently added '192.168.3.197' (RSA) to the list of known hosts.
Permission denied (publickey,gssapi-keyex,gssapi-with-mic).
[ldap196@192.168.3.198 ~]$ logout
Endtime is 2015-11-10 11:29:06.459224