Starttime is 2015-11-05 19:35:34.490213
Last login: Thu Nov  5 19:29:39 2015 from ops.tcloud.com
PS1='[\u@192.168.3.77 \W]\$ '
clear;echo -e '\033[32mLogin 192.168.3.77 done. Enjoy it.\033[0m'
[ldap197@ops-master ~]$ PS1='[\u@192.168.3.77 \W]\$ '
[ldap197@192.168.3.77 ~]$ clear;echo -e '\033[32mLogin 192.168.3.77 done. Enjoy it.\033[0m'
[H[J[32mLogin 192.168.3.77 done. Enjoy it.[0m
[ldap197@192.168.3.77 ~]$ sudo su -
[sudo] password for ldap197: 
[ldap197@192.168.3.77 ~]$ sudo su -
[sudo] password for ldap197: 
[ldap197@192.168.3.77 ~]$ q
-bash: q: command not found
[ldap197@192.168.3.77 ~]$ logout
Endtime is 2015-11-05 19:38:46.877544